============================= test session starts =============================
platform win32 -- Python 3.10.11, pytest-7.2.1, pluggy-1.0.0 -- C:\Users\Andre\AppData\Local\Microsoft\WindowsApps\PythonSoftwareFoundation.Python.3.10_qbz5n2kfra8p0\python.exe
cachedir: .pytest_cache
rootdir: C:\Users\Andre\workspace\file_organizer
plugins: anyio-3.7.1, dash-2.8.1
collecting ... collected 59 items

tests/test_cache.py::TestLLMCache::test_cache_clear_all PASSED           [  1%]
tests/test_cache.py::TestLLMCache::test_cache_clear_old PASSED           [  3%]
tests/test_cache.py::TestLLMCache::test_cache_get_miss PASSED            [  5%]
tests/test_cache.py::TestLLMCache::test_cache_get_stats PASSED           [  6%]
tests/test_cache.py::TestLLMCache::test_cache_get_updates_access_count PASSED [  8%]
tests/test_cache.py::TestLLMCache::test_cache_initialization PASSED      [ 10%]
tests/test_cache.py::TestLLMCache::test_cache_set_and_get PASSED         [ 11%]
tests/test_cache.py::TestLLMCache::test_cache_with_large_result PASSED   [ 13%]
tests/test_cache.py::TestLLMCache::test_compute_file_hash_consistency PASSED [ 15%]
tests/test_cache.py::TestLLMCache::test_compute_file_hash_different_inputs PASSED [ 16%]
tests/test_integration_phase2.py::TestPhase2Integration::test_complete_organize_workflow PASSED [ 18%]
tests/test_integration_phase2.py::TestPhase2Integration::test_organize_with_undo PASSED [ 20%]
tests/test_integration_phase2.py::TestPhase2Integration::test_organize_with_backup PASSED [ 22%]
tests/test_integration_phase2.py::TestPhase2Integration::test_conflict_resolution_workflow PASSED [ 23%]
tests/test_integration_phase2.py::TestPhase2Integration::test_organize_with_mixed_operations PASSED [ 25%]
tests/test_organizer.py::TestFileOrganizer::test_create_organization_plan_empty PASSED [ 27%]
tests/test_organizer.py::TestFileOrganizer::test_create_organization_plan_basic PASSED [ 28%]
tests/test_organizer.py::TestFileOrganizer::test_validate_plan_conflicts PASSED [ 30%]
tests/test_organizer.py::TestFileOrganizer::test_validate_plan_missing_source PASSED [ 32%]
tests/test_organizer.py::TestFileOrganizer::test_resolve_conflicts PASSED [ 33%]
tests/test_organizer.py::TestFileOrganizer::test_execute_plan_dry_run PASSED [ 35%]
tests/test_organizer.py::TestFileOrganizer::test_execute_plan_actual PASSED [ 37%]
tests/test_organizer.py::TestUndoManager::test_database_initialization PASSED [ 38%]
tests/test_organizer.py::TestUndoManager::test_record_operation PASSED   [ 40%]
tests/test_organizer.py::TestUndoManager::test_get_history PASSED        [ 42%]
tests/test_organizer.py::TestUndoManager::test_verify_undo_possible PASSED [ 44%]
tests/test_organizer.py::TestUndoManager::test_file_hash_computation PASSED [ 45%]
tests/test_organizer.py::TestBackupManager::test_initialization PASSED   [ 47%]
tests/test_organizer.py::TestBackupManager::test_create_backup PASSED    [ 49%]
tests/test_organizer.py::TestBackupManager::test_backup_verification PASSED [ 50%]
tests/test_organizer.py::TestBackupManager::test_cleanup_old_backups PASSED [ 52%]
tests/test_organizer.py::TestBackupManager::test_list_backups PASSED     [ 54%]
tests/test_ui.py::TestMainWindow::test_enable_disable_buttons PASSED     [ 55%]
tests/test_ui.py::TestMainWindow::test_set_file_count PASSED             [ 57%]
tests/test_ui.py::TestMainWindow::test_set_status PASSED                 [ 59%]
tests/test_ui.py::TestMainWindow::test_show_dialogs PASSED               [ 61%]
tests/test_ui.py::TestMainWindow::test_window_creation PASSED            [ 62%]
tests/test_ui.py::TestMainWindow::test_window_signals_exist PASSED       [ 64%]
tests/test_ui.py::TestResultsTable::test_add_result PASSED               [ 66%]
tests/test_ui.py::TestResultsTable::test_clear_results PASSED            [ 67%]
tests/test_ui.py::TestResultsTable::test_color_coding PASSED             [ 69%]
tests/test_ui.py::TestResultsTable::test_table_creation PASSED           [ 71%]
tests/test_ui.py::TestProgressDialog::test_cancel_signal PASSED          [ 72%]
tests/test_ui.py::TestProgressDialog::test_dialog_creation PASSED        [ 74%]
tests/test_ui.py::TestProgressDialog::test_set_title PASSED              [ 76%]
tests/test_ui.py::TestProgressDialog::test_update_progress PASSED        [ 77%]
tests/test_ui.py::TestSettingsDialog::test_dialog_creation PASSED        [ 79%]
tests/test_ui.py::TestSettingsDialog::test_get_settings PASSED           [ 81%]
tests/test_ui.py::TestScanWorker::test_worker_creation PASSED            [ 83%]
tests/test_ui.py::TestScanWorker::test_worker_signals PASSED             [ 84%]
tests/test_ui.py::TestAnalysisWorker::test_worker_creation PASSED        [ 86%]
tests/test_ui.py::TestAnalysisWorker::test_worker_signals PASSED         [ 88%]
tests/test_ui.py::TestOrganizeWorker::test_worker_creation PASSED        [ 89%]
tests/test_ui.py::TestOrganizeWorker::test_worker_signals PASSED         [ 91%]
tests/test_ui.py::TestBackupWorker::test_worker_creation PASSED          [ 93%]
tests/test_ui.py::TestBackupWorker::test_worker_signals PASSED           [ 94%]
tests/test_ui.py::TestAppController::test_controller_creation PASSED     [ 96%]
tests/test_ui.py::TestAppController::test_controller_initialization PASSED [ 98%]
tests/test_ui.py::TestAppController::test_directory_selection 
